###############################################################################
#
# IAR ANSI C/C++ Compiler V8.10.1.12857/W32 for ARM       29/Jun/2018  00:30:09
# Copyright 1999-2017 IAR Systems AB.
#
#    Cpu mode     =  thumb
#    Endian       =  little
#    Source file  =  D:\EiE\EiE Git\AntBleBeacon\bsp\ant_integration.c
#    Command line =  
#        -f C:\Users\ENGENU~1\AppData\Local\Temp\EW5663.tmp ("D:\EiE\EiE
#        Git\AntBleBeacon\bsp\ant_integration.c" -D NRF51 -lC "D:\EiE\EiE
#        Git\AntBleBeacon\iar_8_10_1\Debug\List" -o "D:\EiE\EiE
#        Git\AntBleBeacon\iar_8_10_1\Debug\Obj" --no_cse --no_unroll
#        --no_inline --no_code_motion --no_tbaa --no_clustering --no_scheduling
#        --debug --endian=little --cpu=Cortex-M0 -e --fpu=None --dlib_config
#        "C:\Program Files\IAR
#        Systems\EWARM_8_10_1\arm\INC\c\DLib_Config_Normal.h" -I "D:\EiE\EiE
#        Git\AntBleBeacon\iar_8_10_1\..\bsp\" -I "D:\EiE\EiE
#        Git\AntBleBeacon\iar_8_10_1\..\application\" -I "D:\EiE\EiE
#        Git\AntBleBeacon\iar_8_10_1\..\nordic_sdk6_1_0\" -I "D:\EiE\EiE
#        Git\AntBleBeacon\iar_8_10_1\..\nordic_sdk6_1_0\Include\" -I
#        "D:\EiE\EiE
#        Git\AntBleBeacon\iar_8_10_1\..\nordic_sdk6_1_0\Include\s310\" -I
#        "D:\EiE\EiE
#        Git\AntBleBeacon\iar_8_10_1\..\nordic_sdk6_1_0\Include\ble\" -I
#        "D:\EiE\EiE
#        Git\AntBleBeacon\iar_8_10_1\..\nordic_sdk6_1_0\Include\ble\ble_services\"
#        -I "D:\EiE\EiE
#        Git\AntBleBeacon\iar_8_10_1\..\nordic_sdk6_1_0\Include\ble\device_manager\"
#        -I "D:\EiE\EiE
#        Git\AntBleBeacon\iar_8_10_1\..\nordic_sdk6_1_0\Include\app_common\"
#        -On --require_prototypes -I "C:\Program Files\IAR
#        Systems\EWARM_8_10_1\arm\CMSIS\Include\")
#    Locale       =  C
#    List file    =  
#        D:\EiE\EiE Git\AntBleBeacon\iar_8_10_1\Debug\List\ant_integration.lst
#    Object file  =  
#        D:\EiE\EiE Git\AntBleBeacon\iar_8_10_1\Debug\Obj\ant_integration.o
#
###############################################################################

D:\EiE\EiE Git\AntBleBeacon\bsp\ant_integration.c
      1          /**********************************************************************************************************************
      2          File: ant_integration.c                                                                
      3          
      4          Description:
      5          This is a ant_integration .c file new source code
      6          **********************************************************************************************************************/
      7          
      8          #include "configuration.h"

                GPIOE_TASK0  = 0, GPIOE_TASK0  = 1, GPIOE_TASK0  = 2, GPIOE_TASK0  = 3, 
                                  ^
"D:\EiE\EiE Git\AntBleBeacon\application\typedefs.h",65  Error[Pe101]: 
          "GPIOE_TASK0" has already been declared in the current scope (at line
          65)

                GPIOE_TASK0  = 0, GPIOE_TASK0  = 1, GPIOE_TASK0  = 2, GPIOE_TASK0  = 3, 
                                                    ^
"D:\EiE\EiE Git\AntBleBeacon\application\typedefs.h",65  Error[Pe101]: 
          "GPIOE_TASK0" has already been declared in the current scope (at line
          65)

                GPIOE_TASK0  = 0, GPIOE_TASK0  = 1, GPIOE_TASK0  = 2, GPIOE_TASK0  = 3, 
                                                                      ^
"D:\EiE\EiE Git\AntBleBeacon\application\typedefs.h",65  Error[Pe101]: 
          "GPIOE_TASK0" has already been declared in the current scope (at line
          65)

  void LedOn(LedNumberType eLED_);
             ^
"D:\EiE\EiE Git\AntBleBeacon\bsp\leds_nrf51.h",76  Error[Pe020]: identifier
          "LedNumberType" is undefined

  void LedOff(LedNumberType eLED_);
              ^
"D:\EiE\EiE Git\AntBleBeacon\bsp\leds_nrf51.h",77  Error[Pe020]: identifier
          "LedNumberType" is undefined

  void LedToggle(LedNumberType eLED_);
                 ^
"D:\EiE\EiE Git\AntBleBeacon\bsp\leds_nrf51.h",78  Error[Pe020]: identifier
          "LedNumberType" is undefined

  void LedPWM(LedNumberType eLED_, LedRateType ePwmRate_);
              ^
"D:\EiE\EiE Git\AntBleBeacon\bsp\leds_nrf51.h",79  Error[Pe020]: identifier
          "LedNumberType" is undefined

  void LedBlink(LedNumberType eLED_, LedRateType ePwmRate_);
                ^
"D:\EiE\EiE Git\AntBleBeacon\bsp\leds_nrf51.h",80  Error[Pe020]: identifier
          "LedNumberType" is undefined
      9          
     10          /***********************************************************************************************************************
     11          Global variable definitions with scope across entire project.
     12          All Global variable names shall start with "G_"
     13          ***********************************************************************************************************************/
     14          /* New variables */
     15          volatile u32 G_u32ANTIntegrationFlags;                 /* Global state flags */
     16          
     17          
     18          /*--------------------------------------------------------------------------------------------------------------------*/
     19          /* Existing variables (defined in other files -- should all contain the "extern" keyword) */
     20          extern volatile u32 G_u32SystemTime1ms;                /*!< @brief From main.c */
     21          extern volatile u32 G_u32SystemTime1s;                 /*!< @brief From main.c */
     22          extern volatile u32 G_u32SystemFlags;                  /*!< @brief From main.c */
     23          
     24          
     25          /***********************************************************************************************************************
     26          Global variable definitions with scope limited to this local application.
     27          Variable names shall start with "SocInt_" and be declared as static.
     28          ***********************************************************************************************************************/
     29          //static u32 ANTInt_u32Timeout;                      /* Timeout counter used across states */
     30          
     31          
     32          /*--------------------------------------------------------------------------------------------------------------------*/
     33          /* Private Function Declarations.                                                                                     */
     34          /*--------------------------------------------------------------------------------------------------------------------*/
     35          
     36          /**********************************************************************************************************************
     37          Function Definitions
     38          **********************************************************************************************************************/
     39          /*--------------------------------------------------------------------------------------------------------------------*/
     40          /* Public functions                                                                                                   */
     41          /*--------------------------------------------------------------------------------------------------------------------*/
     42          
     43          /*--------------------------------------------------------------------------------------------------------------------*/
     44          /* Protected functions                                                                                                */
     45          /*--------------------------------------------------------------------------------------------------------------------*/
     46          bool ANTIntegrationInitialize(void)
     47          {
     48            return sd_ant_stack_reset() == NRF_SUCCESS;
     49          }
     50          
     51          /**
     52          *   Handle the Stack Event to determine if ANT message. If 
     53          *   ANT Message, then set event.                       
     54          */
     55          void ANTIntegrationHandler()
     56          {
     57              
     58          }
     59          
     60          
     61          
     62          /*--------------------------------------------------------------------------------------------------------------------*/
     63          /* End of File                                                                                                        */
     64          /*--------------------------------------------------------------------------------------------------------------------*/

Errors: 8
Warnings: none
