###############################################################################
#
# IAR ANSI C/C++ Compiler V8.10.1.12857/W32 for ARM       29/Jun/2018  00:30:10
# Copyright 1999-2017 IAR Systems AB.
#
#    Cpu mode     =  thumb
#    Endian       =  little
#    Source file  =  D:\EiE\EiE Git\AntBleBeacon\bsp\i2c_master.c
#    Command line =  
#        -f C:\Users\ENGENU~1\AppData\Local\Temp\EW5B19.tmp ("D:\EiE\EiE
#        Git\AntBleBeacon\bsp\i2c_master.c" -D NRF51 -lC "D:\EiE\EiE
#        Git\AntBleBeacon\iar_8_10_1\Debug\List" -o "D:\EiE\EiE
#        Git\AntBleBeacon\iar_8_10_1\Debug\Obj" --no_cse --no_unroll
#        --no_inline --no_code_motion --no_tbaa --no_clustering --no_scheduling
#        --debug --endian=little --cpu=Cortex-M0 -e --fpu=None --dlib_config
#        "C:\Program Files\IAR
#        Systems\EWARM_8_10_1\arm\INC\c\DLib_Config_Normal.h" -I "D:\EiE\EiE
#        Git\AntBleBeacon\iar_8_10_1\..\bsp\" -I "D:\EiE\EiE
#        Git\AntBleBeacon\iar_8_10_1\..\application\" -I "D:\EiE\EiE
#        Git\AntBleBeacon\iar_8_10_1\..\nordic_sdk6_1_0\" -I "D:\EiE\EiE
#        Git\AntBleBeacon\iar_8_10_1\..\nordic_sdk6_1_0\Include\" -I
#        "D:\EiE\EiE
#        Git\AntBleBeacon\iar_8_10_1\..\nordic_sdk6_1_0\Include\s310\" -I
#        "D:\EiE\EiE
#        Git\AntBleBeacon\iar_8_10_1\..\nordic_sdk6_1_0\Include\ble\" -I
#        "D:\EiE\EiE
#        Git\AntBleBeacon\iar_8_10_1\..\nordic_sdk6_1_0\Include\ble\ble_services\"
#        -I "D:\EiE\EiE
#        Git\AntBleBeacon\iar_8_10_1\..\nordic_sdk6_1_0\Include\ble\device_manager\"
#        -I "D:\EiE\EiE
#        Git\AntBleBeacon\iar_8_10_1\..\nordic_sdk6_1_0\Include\app_common\"
#        -On --require_prototypes -I "C:\Program Files\IAR
#        Systems\EWARM_8_10_1\arm\CMSIS\Include\")
#    Locale       =  C
#    List file    =  
#        D:\EiE\EiE Git\AntBleBeacon\iar_8_10_1\Debug\List\i2c_master.lst
#    Object file  =  
#        D:\EiE\EiE Git\AntBleBeacon\iar_8_10_1\Debug\Obj\i2c_master.o
#
###############################################################################

D:\EiE\EiE Git\AntBleBeacon\bsp\i2c_master.c
      1          /**********************************************************************************************************************
      2          File: i2c_master.c                                                                
      3          
      4          Description:
      5          I2C master implementation using I2C master perihperal but not Nordic SDK.
      6          **********************************************************************************************************************/
      7          
      8          #include "configuration.h"

                GPIOE_TASK0  = 0, GPIOE_TASK0  = 1, GPIOE_TASK0  = 2, GPIOE_TASK0  = 3, 
                                  ^
"D:\EiE\EiE Git\AntBleBeacon\application\typedefs.h",65  Error[Pe101]: 
          "GPIOE_TASK0" has already been declared in the current scope (at line
          65)

                GPIOE_TASK0  = 0, GPIOE_TASK0  = 1, GPIOE_TASK0  = 2, GPIOE_TASK0  = 3, 
                                                    ^
"D:\EiE\EiE Git\AntBleBeacon\application\typedefs.h",65  Error[Pe101]: 
          "GPIOE_TASK0" has already been declared in the current scope (at line
          65)

                GPIOE_TASK0  = 0, GPIOE_TASK0  = 1, GPIOE_TASK0  = 2, GPIOE_TASK0  = 3, 
                                                                      ^
"D:\EiE\EiE Git\AntBleBeacon\application\typedefs.h",65  Error[Pe101]: 
          "GPIOE_TASK0" has already been declared in the current scope (at line
          65)

  void LedOn(LedNumberType eLED_);
             ^
"D:\EiE\EiE Git\AntBleBeacon\bsp\leds_nrf51.h",76  Error[Pe020]: identifier
          "LedNumberType" is undefined

  void LedOff(LedNumberType eLED_);
              ^
"D:\EiE\EiE Git\AntBleBeacon\bsp\leds_nrf51.h",77  Error[Pe020]: identifier
          "LedNumberType" is undefined

  void LedToggle(LedNumberType eLED_);
                 ^
"D:\EiE\EiE Git\AntBleBeacon\bsp\leds_nrf51.h",78  Error[Pe020]: identifier
          "LedNumberType" is undefined

  void LedPWM(LedNumberType eLED_, LedRateType ePwmRate_);
              ^
"D:\EiE\EiE Git\AntBleBeacon\bsp\leds_nrf51.h",79  Error[Pe020]: identifier
          "LedNumberType" is undefined

  void LedBlink(LedNumberType eLED_, LedRateType ePwmRate_);
                ^
"D:\EiE\EiE Git\AntBleBeacon\bsp\leds_nrf51.h",80  Error[Pe020]: identifier
          "LedNumberType" is undefined
      9          
     10          /***********************************************************************************************************************
     11          Global variable definitions with scope across entire project.
     12          All Global variable names shall start with "G_xxI2C"
     13          ***********************************************************************************************************************/
     14          /* New variables */
     15          volatile u32 G_u32I2cMasterFlags;                       /* Global state flags */
     16          
     17          
     18          /*--------------------------------------------------------------------------------------------------------------------*/
     19          /* Existing variables (defined in other files -- should all contain the "extern" keyword) */
     20          extern volatile u32 G_u32SystemTime1ms;                /*!< @brief From main.c */
     21          extern volatile u32 G_u32SystemTime1s;                 /*!< @brief From main.c */
     22          extern volatile u32 G_u32SystemFlags;                  /*!< @brief From main.c */
     23          
     24          
     25          /***********************************************************************************************************************
     26          Global variable definitions with scope limited to this local application.
     27          Variable names shall start with "I2cMaster_" and be declared as static.
     28          ***********************************************************************************************************************/
     29          static u32 I2cMaster_u32Timeout;                      /* Timeout counter used across states */
     30          
     31          
     32          /**********************************************************************************************************************
     33          Function Definitions
     34          **********************************************************************************************************************/
     35          
     36          /*--------------------------------------------------------------------------------------------------------------------*/
     37          /* Public functions                                                                                                   */
     38          /*--------------------------------------------------------------------------------------------------------------------*/
     39          
     40          /*--------------------------------------------------------------------------------------------------------------------
     41          Function: I2cMasterTxByte
     42          
     43          Description:
     44          Sends one byte of data to the slave.
     45          
     46          Requires:
     47            - 
     48          
     49          Promises:
     50            - Returns TRUE if slave ACKs sent byte
     51          */
     52          
     53          
     54          /*--------------------------------------------------------------------------------------------------------------------*/
     55          /* Protected functions                                                                                                */
     56          /*--------------------------------------------------------------------------------------------------------------------*/
     57          
     58          /*--------------------------------------------------------------------------------------------------------------------
     59          Function: I2cMasterInitialize
     60          
     61          Description:
     62          Initializes the State Machine and its variables.
     63          
     64          Requires:
     65            -
     66          
     67          Promises:
     68            - 
     69          */
     70          void I2cMasterInitialize(void)
                      ^
Error[Pa045]: function "I2cMasterInitialize" has no prototype

  static u32 I2cMaster_u32Timeout;                      /* Timeout counter used across states */
             ^
"D:\EiE\EiE Git\AntBleBeacon\bsp\i2c_master.c",29  Warning[Pe177]: variable
          "I2cMaster_u32Timeout" was declared but never referenced
     71          {
     72          #if 0
     73            /* Set up I²C-specific GPIO */
     74            NRF_GPIO->PIN_CNF[ANT_SPI_MOSI_BIT] = P0_13_ANT_SPI_MOSI_CNF;
     75            NRF_GPIO->PIN_CNF[ANT_SPI_MISO_BIT] = P0_12_ANT_SPI_MISO_CNF;
     76            NRF_GPIO->PIN_CNF[ANT_SPI_SCK_BIT]  = P0_11_ANT_SPI_SCK_CNF;
     77            NRF_GPIO->PIN_CNF[ANT_SEN_BIT]      = P0_10_ANT_SEN_CNF;
     78          
     79            NRF_SPI0->PSELMOSI = P0_13_ANT_SPI_MOSI_INDEX;
     80            NRF_SPI0->PSELMISO = P0_12_ANT_SPI_MISO_INDEX;  
     81            NRF_SPI0->PSELSCK  = P0_11_ANT_SPI_SCK_INDEX;
     82          
     83            /* Set up SPI Master peripheral */
     84            NRF_SPI0->FREQUENCY = SPI_FREQUENCY_FREQUENCY_M1 << SPI_FREQUENCY_FREQUENCY_Pos;
     85            NRF_SPI0->CONFIG   = (SPI_CONFIG_ORDER_MsbFirst << SPI_CONFIG_ORDER_Pos | \
     86                                  SPI_CONFIG_CPHA_Leading   << SPI_CONFIG_CPHA_Pos  | \
     87                                  SPI_CONFIG_CPOL_ActiveLow << SPI_CONFIG_CPOL_Pos );
     88          #endif
     89            /* Configure SPI driver */
     90            
     91            
     92            /* Activate SPI peripheral */
     93          
     94          } /* end I2cMasterInitialize() */
     95          
     96          
     97          
     98          /*--------------------------------------------------------------------------------------------------------------------*/
     99          /* Private functions                                                                                                  */
    100          /*--------------------------------------------------------------------------------------------------------------------*/
    101          
    102          
    103          
    104          
    105          /*--------------------------------------------------------------------------------------------------------------------*/
    106          /* End of File                                                                                                        */
    107          /*--------------------------------------------------------------------------------------------------------------------*/

Errors: 9
Warnings: 1
