###############################################################################
#
# IAR ANSI C/C++ Compiler V7.20.1.7305/W32 for ARM        29/Jun/2018  10:17:53
# Copyright 1999-2014 IAR Systems AB.
#
#    Cpu mode     =  thumb
#    Endian       =  little
#    Source file  =  D:\EiE\EiE Git\AntBleBeacon\bsp\soc_integration.c
#    Command line =  
#        "D:\EiE\EiE Git\AntBleBeacon\bsp\soc_integration.c" -D NRF51 -lC
#        "D:\EiE\EiE Git\AntBleBeacon\iar_7_20_1\Debug\List\" -o "D:\EiE\EiE
#        Git\AntBleBeacon\iar_7_20_1\Debug\Obj\" --no_cse --no_unroll
#        --no_inline --no_code_motion --no_tbaa --no_clustering --no_scheduling
#        --debug --endian=little --cpu=Cortex-M0 -e --fpu=None --dlib_config
#        "C:\Program Files\IAR
#        Systems\EWARM_7_20_1\arm\INC\c\DLib_Config_Normal.h" -I "D:\EiE\EiE
#        Git\AntBleBeacon\iar_7_20_1\..\bsp\" -I "D:\EiE\EiE
#        Git\AntBleBeacon\iar_7_20_1\..\application\" -I "D:\EiE\EiE
#        Git\AntBleBeacon\iar_7_20_1\..\nordic_sdk6_1_0\" -I "D:\EiE\EiE
#        Git\AntBleBeacon\iar_7_20_1\..\nordic_sdk6_1_0\Include\" -I
#        "D:\EiE\EiE
#        Git\AntBleBeacon\iar_7_20_1\..\nordic_sdk6_1_0\Include\s310\" -I
#        "D:\EiE\EiE
#        Git\AntBleBeacon\iar_7_20_1\..\nordic_sdk6_1_0\Include\ble\" -I
#        "D:\EiE\EiE
#        Git\AntBleBeacon\iar_7_20_1\..\nordic_sdk6_1_0\Include\ble\ble_services\"
#        -I "D:\EiE\EiE
#        Git\AntBleBeacon\iar_7_20_1\..\nordic_sdk6_1_0\Include\ble\device_manager\"
#        -I "D:\EiE\EiE
#        Git\AntBleBeacon\iar_7_20_1\..\nordic_sdk6_1_0\Include\app_common\"
#        -On --require_prototypes -I "C:\Program Files\IAR
#        Systems\EWARM_7_20_1\arm\CMSIS\Include\"
#    List file    =  
#        D:\EiE\EiE Git\AntBleBeacon\iar_7_20_1\Debug\List\soc_integration.lst
#    Object file  =  
#        D:\EiE\EiE Git\AntBleBeacon\iar_7_20_1\Debug\Obj\soc_integration.o
#
###############################################################################

D:\EiE\EiE Git\AntBleBeacon\bsp\soc_integration.c
      1          /**********************************************************************************************************************
      2          File: soc_integration.c                                                                
      3          
      4          Description:
      5          This is a soc_integration .c file new source code
      6          **********************************************************************************************************************/
      7          
      8          #include "configuration.h"
      9          
     10          /***********************************************************************************************************************
     11          Global variable definitions with scope across entire project.
     12          All Global variable names shall start with "G_"
     13          ***********************************************************************************************************************/
     14          /* New variables */

   \                                 In section .bss, align 4
     15          volatile u32 G_u32SocIntegrationFlags;                 /* Global state flags */
   \                     G_u32SocIntegrationFlags:
   \   00000000                      DS8 4
     16          
     17          
     18          /*--------------------------------------------------------------------------------------------------------------------*/
     19          /* Existing variables (defined in other files -- should all contain the "extern" keyword) */
     20          extern volatile u32 G_u32SystemFlags;                  /* From main.c */
     21          extern volatile u32 G_u32SystemTime1ms;                /* From board-specific source file */
     22          extern volatile u32 G_u32SystemTime1s;                 /* From board-specific source file */
     23          
     24          
     25          /***********************************************************************************************************************
     26          Global variable definitions with scope limited to this local application.
     27          Variable names shall start with "SocInt_" and be declared as static.
     28          ***********************************************************************************************************************/
     29          //static u32 SocInt_u32Timeout;                      /* Timeout counter used across states */
     30          
     31          
     32          
     33          /**********************************************************************************************************************
     34          Function Definitions
     35          **********************************************************************************************************************/
     36          /*--------------------------------------------------------------------------------------------------------------------*/
     37          /* Public functions                                                                                                   */
     38          /*--------------------------------------------------------------------------------------------------------------------*/
     39          
     40          
     41          /*--------------------------------------------------------------------------------------------------------------------*/
     42          /* Protected functions                                                                                                */
     43          /*--------------------------------------------------------------------------------------------------------------------*/
     44          
     45          /*----------------------------------------------------------------------------------------------------------------------
     46          Function: SocIntegrationInitialize
     47          
     48          Description:
     49          Initializes the SoftDevice to use the Protocol Stacks. Enables the SD_EVT_IRQ to allow forwarding of Protocol Interrupts to the
     50          application.
     51          
     52          Requires:
     53            - Called once during initialization.
     54          
     55          Promises:
     56            - Returns TRUE if SoftDevice enabled successfully.
     57            - Returns FALSE if SoftDevice enabling failed.
     58          */

   \                                 In section .text, align 2, keep-with-next
     59          bool SocIntegrationInitialize(void)
     60          {
   \                     SocIntegrationInitialize: (+1)
   \   00000000   0xB580             PUSH     {R7,LR}
     61            uint32_t result = NRF_SUCCESS;
   \   00000002   0x2200             MOVS     R2,#+0
     62            
     63            result |= sd_softdevice_enable(NRF_CLOCK_LFCLKSRC_SYNTH_250_PPM, SocSoftdeviceAssertCallback);
   \   00000004   0x....             LDR      R1,??DataTable1
   \   00000006   0x2000             MOVS     R0,#+0
   \   00000008   0xDF10             SVC      0x10
   \   0000000A   0x4310             ORRS     R0,R0,R2
   \   0000000C   0x0002             MOVS     R2,R0
     64            return result == NRF_SUCCESS;
   \   0000000E   0x2A00             CMP      R2,#+0
   \   00000010   0xD101             BNE      ??SocIntegrationInitialize_0
   \   00000012   0x2001             MOVS     R0,#+1
   \   00000014   0xE000             B        ??SocIntegrationInitialize_1
   \                     ??SocIntegrationInitialize_0: (+1)
   \   00000016   0x2000             MOVS     R0,#+0
   \                     ??SocIntegrationInitialize_1: (+1)
   \   00000018   0xB2C0             UXTB     R0,R0
   \   0000001A   0xBD02             POP      {R1,PC}          ;; return
     65          }
     66          
     67          
     68          /*----------------------------------------------------------------------------------------------------------------------
     69          Function: SocIntegrationHandler
     70          
     71          Description:
     72          This is the global event checker for Protocol Events. It is called continuously from main(). It checks if the 
     73          _SYSTEM_PROTOCOL_EVENT is set. If so, it calls the dispatchers for the protocol event handlers.
     74          
     75          Requires:
     76            - SoftDevice is enabled
     77            - BLE and ANT have been initialized
     78            - Application is running
     79          
     80          Promises:
     81            - Proper dispatching of Protocol events to its handlers
     82            - Clears the _SYSTEM_PROTOCOL_EVENT system flag
     83          */

   \                                 In section .text, align 2, keep-with-next
     84          void SocIntegrationHandler(void)
     85          {
   \                     SocIntegrationHandler: (+1)
   \   00000000   0xB580             PUSH     {R7,LR}
     86            // Check if pending event.
     87            if (G_u32SystemFlags & _SYSTEM_PROTOCOL_EVENT)
   \   00000002   0x....             LDR      R0,??DataTable1_1
   \   00000004   0x6800             LDR      R0,[R0, #+0]
   \   00000006   0x03C0             LSLS     R0,R0,#+15
   \   00000008   0xD509             BPL      ??SocIntegrationHandler_0
     88            {
     89              // Clear pending event and process protocol events.
     90              G_u32SystemFlags &= ~_SYSTEM_PROTOCOL_EVENT;
   \   0000000A   0x....             LDR      R0,??DataTable1_1
   \   0000000C   0x6800             LDR      R0,[R0, #+0]
   \   0000000E   0x....             LDR      R1,??DataTable1_2  ;; 0xfffeffff
   \   00000010   0x4001             ANDS     R1,R1,R0
   \   00000012   0x....             LDR      R0,??DataTable1_1
   \   00000014   0x6001             STR      R1,[R0, #+0]
     91              ANTIntegrationHandler();
   \   00000016   0x.... 0x....      BL       ANTIntegrationHandler
     92              BLEIntegrationHandler();
   \   0000001A   0x.... 0x....      BL       BLEIntegrationHandler
     93            }
     94          }
   \                     ??SocIntegrationHandler_0: (+1)
   \   0000001E   0xBD01             POP      {R0,PC}          ;; return
     95          
     96          /*--------------------------------------------------------------------------------------------------------------------*/
     97          /* Private functions                                                                                                  */
     98          /*--------------------------------------------------------------------------------------------------------------------*/
     99          
    100          /*----------------------------------------------------------------------------------------------------------------------
    101          Function: SocIntegrationHandler
    102          
    103          Description:
    104          Assertion handler from the Softdevice.
    105          
    106          Requires:
    107            - None
    108          
    109          Promises:
    110            - Halts the system.
    111            - Provides the PC counter, Line Num and the FileName in the SoftDevice Code that caused the assertion.
    112          */

   \                                 In section .text, align 2, keep-with-next
    113          void SocSoftdeviceAssertCallback(uint32_t ulPC, uint16_t usLineNum, const uint8_t *pucFileName)
    114          {
   \                     SocSoftdeviceAssertCallback: (+1)
   \   00000000   0xB500             PUSH     {LR}
    115             while (1);
   \                     ??SocSoftdeviceAssertCallback_0: (+1)
   \   00000002   0xE7FE             B        ??SocSoftdeviceAssertCallback_0
    116          }

   \                                 In section .text, align 4, keep-with-next
   \                     ??DataTable1:
   \   00000000   0x........         DC32     SocSoftdeviceAssertCallback

   \                                 In section .text, align 4, keep-with-next
   \                     ??DataTable1_1:
   \   00000000   0x........         DC32     G_u32SystemFlags

   \                                 In section .text, align 4, keep-with-next
   \                     ??DataTable1_2:
   \   00000000   0xFFFEFFFF         DC32     0xfffeffff
    117          
    118          
    119          
    120          
    121          /*--------------------------------------------------------------------------------------------------------------------*/
    122          /* End of File                                                                                                        */
    123          /*--------------------------------------------------------------------------------------------------------------------*/

   Maximum stack usage in bytes:

   .cstack Function
   ------- --------
       8   SocIntegrationHandler
         8   -> ANTIntegrationHandler
         8   -> BLEIntegrationHandler
       8   SocIntegrationInitialize
       4   SocSoftdeviceAssertCallback


   Section sizes:

   Bytes  Function/Label
   -----  --------------
       4  ??DataTable1
       4  ??DataTable1_1
       4  ??DataTable1_2
       4  G_u32SocIntegrationFlags
      32  SocIntegrationHandler
      28  SocIntegrationInitialize
       4  SocSoftdeviceAssertCallback

 
  4 bytes in section .bss
 76 bytes in section .text
 
 76 bytes of CODE memory
  4 bytes of DATA memory

Errors: none
Warnings: none
